#
# Copyright 2016-2017 The Reaktivity Project
#
# The Reaktivity Project licenses this file to you under the Apache License,
# version 2.0 (the "License"); you may not use this file except in compliance
# with the License. You may obtain a copy of the License at:
#
#   http://www.apache.org/licenses/LICENSE-2.0
#
# Unless required by applicable law or agreed to in writing, software
# distributed under the License is distributed on an "AS IS" BASIS, WITHOUT
# WARRANTIES OR CONDITIONS OF ANY KIND, either express or implied. See the
# License for the specific language governing permissions and limitations
# under the License.
#

property nuklei ${nuklei:directory("target/nukleus-itests").streamsCapacity(1024 * 1024, 64 * 1024)}

property serverConnect ${nuklei.streams("target", "http#source")}
property serverConnectReply ${nuklei.streams("http", "target")}

property newServerConnectReplyId1 ${nuklei:newStreamId()}
property newServerConnectReplyId2 ${nuklei:newStreamId()}

connect await ROUTED_SERVER
        "agrona://stream/bidirectional"
        option agrona:reader ${agrona:oneToOneReader(serverConnect.buffer)}
        option agrona:writer ${agrona:oneToOneWriter(serverConnect.throttle)}
connected

read [0x00 0x00 0x00 0x01]
read ([0..8]:serverConnectId1)
read [0x04] "http"
read ([0..8]:serverConnectRef)
read ([0..8]:targetCorrelationId1)
read ${http:header(":scheme", "http")}
read ${http:header(":method", "GET")}
read ${http:header(":path", "/request1")}
read ${http:header(":authority", "localhost:8080")}

read notify HTTP_REQUEST_ONE_RECEIVED

write [0x40 0x00 0x00 0x02]
write ${serverConnectId1}
write [0x00 0x02 0x00 0x00]
write [0x00 0x02 0x00 0x00]
write flush

read [0x00 0x00 0x00 0x03]
read ([0..8]:serverConnectId1)

read [0x00 0x00 0x00 0x01]
read ([0..8]:serverConnectId2)
read [0x04] "http"
read ([0..8]:serverConnectRef)
read ([0..8]:targetCorrelationId2)
read ${http:header(":scheme", "http")}
read ${http:header(":method", "GET")}
read ${http:header(":path", "/request2")}
read ${http:header(":authority", "localhost:8080")}

read notify HTTP_REQUEST_TWO_RECEIVED

write [0x40 0x00 0x00 0x02]
write ${serverConnectId2}
write [0x00 0x02 0x00 0x00]
write [0x00 0x02 0x00 0x00]
write flush

read [0x00 0x00 0x00 0x03]
read ([0..8]:serverConnectId2)


connect await HTTP_REQUEST_ONE_RECEIVED
        "agrona://stream/bidirectional"
        option agrona:reader ${agrona:oneToOneReader(serverConnectReply.throttle)}
        option agrona:writer ${agrona:oneToOneWriter(serverConnectReply.buffer)}
connected

write [0x00 0x00 0x00 0x01]
write ${newServerConnectReplyId1}
write [0x06] "target"
write [0x00 0x00 0x00 0x00 0x00 0x00 0x00 0x00]
write ${targetCorrelationId1}
write ${http:header(":status", "200")}
write ${http:header("content-length", "8")}
write flush

read [0x40 0x00 0x00 0x02]
read ${newServerConnectReplyId1}
read [0x09 0x00 0x00 0x00]
read [0..4]

write [0x00 0x00 0x00 0x02]
write ${newServerConnectReplyId1}
write [0x00 0x08]
write "request1"
write flush

write [0x00 0x00 0x00 0x03]
write ${newServerConnectReplyId1}
write flush

write await HTTP_REQUEST_TWO_RECEIVED

write [0x00 0x00 0x00 0x01]
write ${newServerConnectReplyId2}
write [0x06] "target"
write [0x00 0x00 0x00 0x00 0x00 0x00 0x00 0x00]
write ${targetCorrelationId2}
write ${http:header(":status", "200")}
write ${http:header("content-length", "8")}
write flush

read [0x40 0x00 0x00 0x02]
read ${newServerConnectReplyId2}
read [0x02 0x00 0x00 0x00]
read [0..4]

write [0x00 0x00 0x00 0x02]
write ${newServerConnectReplyId2}
write [0x00 0x02]
write "re"
write flush

read [0x40 0x00 0x00 0x02]
read ${newServerConnectReplyId2}
read [0x06 0x00 0x00 0x00]
read [0..4]

write [0x00 0x00 0x00 0x02]
write ${newServerConnectReplyId2}
write [0x00 0x06]
write "quest2"
write flush

write [0x00 0x00 0x00 0x03]
write ${newServerConnectReplyId2}
write flush

close
closed
