#
# Copyright 2016-2017 The Reaktivity Project
#
# The Reaktivity Project licenses this file to you under the Apache License,
# version 2.0 (the "License"); you may not use this file except in compliance
# with the License. You may obtain a copy of the License at:
#
#   http://www.apache.org/licenses/LICENSE-2.0
#
# Unless required by applicable law or agreed to in writing, software
# distributed under the License is distributed on an "AS IS" BASIS, WITHOUT
# WARRANTIES OR CONDITIONS OF ANY KIND, either express or implied. See the
# License for the specific language governing permissions and limitations
# under the License.
#

property newTargetRef ${nuklei:newInitialRef()} # external scope

property nuklei ${nuklei:directory("target/nukleus-itests").streamsCapacity(1024 * 1024, 64 * 1024)}

property sourceInitial ${nuklei.streams("http", "source")}
property sourceReply ${nuklei.streams("reply", "http#target")}

property targetInitial ${nuklei.streams("target", "http#source")}
property targetReply ${nuklei.streams("http", "target")}

property newTargetId ${nuklei:newStreamId()}
property newTargetReplyId ${nuklei:newStreamId()}
property newTargetReplyRef ${nuklei:newReplyRef()}

connect await ROUTED
        agrona://stream/bidirectional
        option reader ${agrona:oneToOneReader(sourceInitial.buffer)}
        option writer ${agrona:oneToOneWriter(sourceReply.buffer)}
connected

read [0x00 0x00 0x00 0x01]
read ([0..8]:sourceId)
read ([0..8]:sourceRef)
read ([0..8]:sourceReplyId)
read ([0..8]:sourceReplyRef)
read [0x00] [0x07] ":scheme" [0x04] "http"
read [0x00] [0x07] ":method" [0x03] "GET"
read [0x00] [0x05] ":path" [0x01] "/"
read [0x00] [0x0a] ":authority" [0x0e] "localhost:8080"

connect await ROUTED
        agrona://stream/bidirectional
        option reader ${agrona:oneToOneReader(targetReply.buffer)}
        option writer ${agrona:oneToOneWriter(targetInitial.buffer)}
connected

write [0x00 0x00 0x00 0x01]
write ${newTargetId}
write ${newTargetRef}
write ${newTargetReplyId}
write ${newTargetReplyRef}
write flush

read [0x00 0x00 0x00 0x01]
read ${newTargetReplyId}
read ${newTargetReplyRef}
read ${newTargetId}
read ${newTargetRef}

write [0x00 0x00 0x00 0x02]
write ${newTargetId}
write [0x00 0x28]
write "GET / HTTP/1.1\r\n"
write "Host: localhost:8080\r\n"
write "\r\n"
write flush
