#
# Copyright 2016-2017 The Reaktivity Project
#
# The Reaktivity Project licenses this file to you under the Apache License,
# version 2.0 (the "License"); you may not use this file except in compliance
# with the License. You may obtain a copy of the License at:
#
#   http://www.apache.org/licenses/LICENSE-2.0
#
# Unless required by applicable law or agreed to in writing, software
# distributed under the License is distributed on an "AS IS" BASIS, WITHOUT
# WARRANTIES OR CONDITIONS OF ANY KIND, either express or implied. See the
# License for the specific language governing permissions and limitations
# under the License.
#

property newTargetInputRef ${nuklei:newReferenceId()} # external scope

property nuklei ${nuklei:directory("target/nukleus-itests").streamsCapacity(1024 * 1024, 64 * 1024)}

property sourceHandshake ${nuklei.streams("source", "http2#source")}
property targetInput ${nuklei.streams("target", "http2#source")}
property sourceOutputEst ${nuklei.streams("source", "http2#target")}

property newTargetInputId ${nuklei:newStreamId()}
property newSourceOutputEstId ${nuklei:newStreamId()}
property newTargetCorrelationId ${nuklei:newCorrelationId()}
property newSourceHandshakeId ${nuklei:newStreamId()}

#
#
# reading from source-->nukleus (http2/source)
#
#
connect await ROUTED_INPUT
        agrona://stream/bidirectional
        option reader ${agrona:oneToOneReader(sourceInput.buffer)}
        option writer ${agrona:oneToOneWriter(sourceInput.throttle)}
connected

# begin frame
read [0x00 0x00 0x00 0x01]
read ([0..8]:sourceInputId)
read ([0..8]:sourceInputRef)
read ([0..8]:sourceCorrelationId)
read [0x00]

# window frame
write [0x40 0x00 0x00 0x02]
write ${sourceInputId}
write [0x00 0x02 0x00 0x00]
write flush

# data frame (http2 client connection preface)
read [0x00 0x00 0x00 0x02]
read ${sourceInputId}
read [0x18]
read "PRI * HTTP/2.0\r\n\r\nSM\r\n\r\n"
read [0x00]

read notify CONNECTION_ESTABLISHED

# window frame
write [0x40 0x00 0x00 0x02]
write ${sourceInputId}
write [0x00 0x02 0x00 0x00]
write flush

# data frame (http2 SETTINGS frame)
read [0x00 0x00 0x00 0x02]
read ${sourceInputId}
read [0x0f]
# SETTINGS frame <length=6, flags=0x00, stream_id=0> (niv=1) [SETTINGS_INITIAL_WINDOW_SIZE(0x04):65535]
read [0x00 0x00 0x06 0x04 0x00 0x00 0x00 0x00 0x00 0x00 0x04 0x00 0x00 0xff 0xff]
read [0x00]

# window frame
write [0x40 0x00 0x00 0x02]
write ${sourceInputId}
write [0x00 0x02 0x00 0x00]
write flush

# data frame (http2 SETTINGS frame)
read [0x00 0x00 0x00 0x02]
read ${sourceInputId}
read [0x09]
# SETTINGS frame <length=0, flags=0x01, stream_id=0> ; ACK (niv=0)
read [0x00 0x00 0x00 0x04 0x01 0x00 0x00 0x00 0x00]
read [0x00]

# window frame
write [0x40 0x00 0x00 0x02]
write ${sourceInputId}
write [0x00 0x02 0x00 0x00]
write flush

# data frame (http2 HEADERS frame)
read [0x00 0x00 0x00 0x02]
read ${sourceInputId}
read [0x18]
# HEADERS frame <length=15, flags=0x05, stream_id=1> ; END_STREAM | END_HEADERS (padlen=0) ; Open new stream
# :method: GET
# :scheme: http
# :path: /
# :authority: 127.0.0.1:8080
read [0x00 0x00 0x0f 0x01 0x05 0x00 0x00 0x00 0x01 0x82 0x86 0x84 0x41 0x8a 0x08 0x9d 0x5c 0x0b 0x81 0x70 0xdc 0x78 0x0f 0x03]
read [0x00]

read notify HTTP_REQUEST_HEADERS_DECODED

# window frame
write [0x40 0x00 0x00 0x02]
write ${sourceInputId}
write [0x00 0x02 0x00 0x00]
write flush

close
closed


#
#
# writing to source-->nukleus-->source (source/http2#source)
#
#
connect await CONNECTION_ESTABLISHED
        agrona://stream/bidirectional
        option reader ${agrona:oneToOneReader(sourceHandshake.throttle)}
        option writer ${agrona:oneToOneWriter(sourceHandshake.buffer)}
connected

# begin frame
write [0x00 0x00 0x00 0x01]
write ${newSourceHandshakeId}
write [0x00 0x00 0x00 0x00 0x00 0x00 0x00 0x00]
write ${sourceCorrelationId}
write [0x00]
write flush

# window frame
read [0x40 0x00 0x00 0x02]
read ${newSourceHandshakeId}
read [0..4]

# data frame (server connection preface - SETTINGS frame)
write [0x00 0x00 0x00 0x02]
write ${newSourceHandshakeId}
write [0x0F]
# HTTP2 SETTINGS frame <length=6, flags=0x00, stream_id=0> (niv=1) [SETTINGS_MAX_CONCURRENT_STREAMS(0x03):100]
write [0x00 0x00 0x06 0x04 0x00 0x00 0x00 0x00 0x00 0x00 0x03 0x00 0x00 0x00 0x64]
write [0x00]
write flush

# window frame
read [0x40 0x00 0x00 0x02]
read ${newSourceHandshakeId}
read [0..4]

# data frame (http2 SETTINGS frame)
write [0x00 0x00 0x00 0x02]
write ${newSourceHandshakeId}
write [0x09]
# SETTINGS frame <length=0, flags=0x01, stream_id=0> ; ACK (niv=0)
write [0x00 0x00 0x00 0x04 0x01 0x00 0x00 0x00 0x00]
write [0x00]
write flush

# window frame
read [0x40 0x00 0x00 0x02]
read ${newSourceHandshakeId}
read [0x17 0x00 0x00 0x00]

close
closed


#
#
# writing to nukleus-->target (target/http2#source)
#
#
connect await HTTP_REQUEST_HEADERS_DECODED
        agrona://stream/bidirectional
        option reader ${agrona:oneToOneReader(targetInput.throttle)}
        option writer ${agrona:oneToOneWriter(targetInput.buffer)}
connected

write [0x00 0x00 0x00 0x01]
write ${newTargetInputId}
write ${newTargetInputRef}
write ${newTargetCorrelationId}
write [0x39]
write [0x00] [0x07] ":scheme" [0x04] "http"
write [0x00] [0x07] ":method" [0x03] "GET"
write [0x00] [0x05] ":path" [0x01] "/"
write [0x00] [0x04] "host" [0x0e] "127.0.0.1:8080"
write flush

write notify HTTP_REQUEST_HEADERS_WRITTEN

# window frame
read [0x40 0x00 0x00 0x02]
read ${newTargetInputId}
read [0..4]


#
#
# reading from target-->nukleus (http2/target)
#
#
connect await ROUTED_OUTPUT
        agrona://stream/bidirectional
        option reader ${agrona:oneToOneReader(targetOutputEst.buffer)}
        option writer ${agrona:oneToOneWriter(targetOutputEst.throttle)}
connected

# begin frame (with http headers)
read [0x00 0x00 0x00 0x01]
read ${newTargetOutputEstId}
read [0x00 0x00 0x00 0x00 0x00 0x00 0x00 0x00]
read ${targetCorrelationId}
read [0x8f]
read [0x00] [0x07] ":status" [0x03] "404"
read [0x00] [0x07] ":server" [0x16] "nghttpd nghttp2/1.19.0"
read [0x00] [0x05] ":date" [0x1d] "Wed, 01 Feb 2017 19:12:46 GMT"
read [0x00] [0x0d] ":content-type" [0x18] "text/html; charset=UTF-8"
read [0x00] [0x0f] ":content-length" [0x03] "147"

read notify HTTP_RESPONSE_HEADERS_RECEIVED

# window frame
write [0x40 0x00 0x00 0x02]
write ${newTargetOutputEstId}
write [0x00 0x02 0x00 0x00]
write flush

# data frame (with http payload)
read [0x00 0x00 0x00 0x02]
read ${newTargetOutputEstId}
read [0x93]
# <html><head><title>404 Not Found</title></head><body><h1>404 Not Found</h1><hr><address>nghttpd nghttp2/1.19.0 at port 8080</address></body></html>
read [0x3c 0x68 0x74 0x6d 0x6c 0x3e 0x3c 0x68 0x65]
     [0x61 0x64 0x3e 0x3c 0x74 0x69 0x74 0x6c 0x65 0x3e 0x34 0x30 0x34 0x20 0x4e 0x6f]
     [0x74 0x20 0x46 0x6f 0x75 0x6e 0x64 0x3c 0x2f 0x74 0x69 0x74 0x6c 0x65 0x3e 0x3c]
     [0x2f 0x68 0x65 0x61 0x64 0x3e 0x3c 0x62 0x6f 0x64 0x79 0x3e 0x3c 0x68 0x31 0x3e]
     [0x34 0x30 0x34 0x20 0x4e 0x6f 0x74 0x20 0x46 0x6f 0x75 0x6e 0x64 0x3c 0x2f 0x68]
     [0x31 0x3e 0x3c 0x68 0x72 0x3e 0x3c 0x61 0x64 0x64 0x72 0x65 0x73 0x73 0x3e 0x6e]
     [0x67 0x68 0x74 0x74 0x70 0x64 0x20 0x6e 0x67 0x68 0x74 0x74 0x70 0x32 0x2f 0x31]
     [0x2e 0x31 0x39 0x2e 0x30 0x20 0x61 0x74 0x20 0x70 0x6f 0x72 0x74 0x20 0x38 0x30]
     [0x38 0x30 0x3c 0x2f 0x61 0x64 0x64 0x72 0x65 0x73 0x73 0x3e 0x3c 0x2f 0x62 0x6f]
     [0x64 0x79 0x3e 0x3c 0x2f 0x68 0x74 0x6d 0x6c 0x3e]
read [0x00]

read notify HTTP_RESPONSE_PAYLOAD_RECEIVED

# window frame
write [0x40 0x00 0x00 0x02]
write ${newTargetOutputEstId}
write [0x00 0x02 0x00 0x00]
write flush

close
closed


#
#
# writing to target-->nukleus-->source (source/http2#target)
#
#

connect await HTTP_RESPONSE_HEADERS_RECEIVED
        agrona://stream/bidirectional
        option reader ${agrona:oneToOneReader(sourceOutputEst.throttle)}
        option writer ${agrona:oneToOneWriter(sourceOutputEst.buffer)}
connected

# begin frame
write [0x00 0x00 0x00 0x01]
write ${newSourceOutputEstId}
write [0x00 0x00 0x00 0x00 0x00 0x00 0x00 0x00]
write ${sourceCorrelationId}
write [0x00]
write flush

# window frame
read [0x40 0x00 0x00 0x02]
read ${newSourceOutputEstId}
read [0x00 0x02 0x00 0x00]

# nuklei data frame (contains http2 headers frame)
write [0x00 0x00 0x00 0x02]
write ${newSourceOutputEstId}
write [0x4e]
# HEADERS frame <length=69, flags=0x04, stream_id=1>
#          ; END_HEADERS
#          (padlen=0)
#          ; First response header
#          :status: 404
#          server: nghttpd nghttp2/1.19.0
#          date: Wed, 01 Feb 2017 19:12:46 GMT
#          content-type: text/html; charset=UTF-8
#          content-length: 147
write [0x00 0x00 0x45 0x01 0x04 0x00 0x00 0x00 0x01 0x8d 0x76 0x90 0xaa 0x69 0xd2 0x9a]
      [0xe4 0x52 0xa9 0xa7 0x4a 0x6b 0x13 0x01 0x5c 0x2f 0xae 0x0f 0x61 0x96 0xe4 0x59]
      [0x3e 0x94 0x00 0x54 0xc2 0x58 0xd4 0x10 0x02 0xea 0x81 0x7e 0xe0 0x45 0x71 0xa7]
      [0x14 0xc5 0xa3 0x7f 0x5f 0x92 0x49 0x7c 0xa5 0x89 0xd3 0x4d 0x1f 0x6a 0x12 0x71]
      [0xd8 0x82 0xa6 0x0e 0x1b 0xf0 0xac 0xf7 0x0f 0x0d 0x03 0x31 0x34 0x37]
write [0x00]
write flush

# window frame
read [0x40 0x00 0x00 0x02]
read ${newSourceOutputEstId}
read [0x00 0x02 0x00 0x00]

write await HTTP_RESPONSE_PAYLOAD_RECEIVED

# nuklei data frame (contains http2 data frame)
write [0x00 0x00 0x00 0x02]
write ${newSourceOutputEstId}
write [0x9c]
# DATA frame <length=147, flags=0x01, stream_id=1>
#          ; END_STREAM
# <html><head><title>404 Not Found</title></head><body><h1>404 Not Found</h1><hr><address>nghttpd nghttp2/1.19.0 at port 8080</address></body></html>
write [0x00 0x00]
      [0x93 0x00 0x01 0x00 0x00 0x00 0x01 0x3c 0x68 0x74 0x6d 0x6c 0x3e 0x3c 0x68 0x65]
      [0x61 0x64 0x3e 0x3c 0x74 0x69 0x74 0x6c 0x65 0x3e 0x34 0x30 0x34 0x20 0x4e 0x6f]
      [0x74 0x20 0x46 0x6f 0x75 0x6e 0x64 0x3c 0x2f 0x74 0x69 0x74 0x6c 0x65 0x3e 0x3c]
      [0x2f 0x68 0x65 0x61 0x64 0x3e 0x3c 0x62 0x6f 0x64 0x79 0x3e 0x3c 0x68 0x31 0x3e]
      [0x34 0x30 0x34 0x20 0x4e 0x6f 0x74 0x20 0x46 0x6f 0x75 0x6e 0x64 0x3c 0x2f 0x68]
      [0x31 0x3e 0x3c 0x68 0x72 0x3e 0x3c 0x61 0x64 0x64 0x72 0x65 0x73 0x73 0x3e 0x6e]
      [0x67 0x68 0x74 0x74 0x70 0x64 0x20 0x6e 0x67 0x68 0x74 0x74 0x70 0x32 0x2f 0x31]
      [0x2e 0x31 0x39 0x2e 0x30 0x20 0x61 0x74 0x20 0x70 0x6f 0x72 0x74 0x20 0x38 0x30]
      [0x38 0x30 0x3c 0x2f 0x61 0x64 0x64 0x72 0x65 0x73 0x73 0x3e 0x3c 0x2f 0x62 0x6f]
      [0x64 0x79 0x3e 0x3c 0x2f 0x68 0x74 0x6d 0x6c 0x3e]
write [0x00]
write flush

# window frame
read [0x40 0x00 0x00 0x02]
read ${newSourceOutputEstId}
read [0x13 0x00 0x00 0x00]

close
closed





